// Jest Snapshot v1, https://goo.gl/fbAQLP

exports[`With audio correctly render 1`] = `
<div>
  <audio />
</div>
`;
